// Jest Snapshot v1, https://goo.gl/fbAQLP

exports[`TrainsTimetable.vue should render without errors 1`] = `
"<div class=\\"container\\">
  <div class=\\"form-wrapper\\">
    <v-select-stub components=\\"[object Object]\\" options=\\"\\" disabled=\\"false\\" clearable=\\"true\\" deselectfromdropdown=\\"false\\" searchable=\\"true\\" multiple=\\"false\\" placeholder=\\"\\" transition=\\"vs__fade\\" clearsearchonselect=\\"true\\" closeonselect=\\"true\\" label=\\"label\\" autocomplete=\\"off\\" reduce=\\"function(e){return e}\\" selectable=\\"function(e){return!0}\\" getoptionlabel=\\"function (item) {
      /* istanbul ignore next */
      cov_17qaly50fu().f[18]++;
      cov_17qaly50fu().s[40]++;
      return item.stationDesc;
    }\\" getoptionkey=\\"function(e){if(&quot;object&quot;!==g()(e))return e;try{return e.hasOwnProperty(&quot;id&quot;)?e.id:T(e)}catch(t){return console.warn(&quot;[vue-select warn]: Could not stringify this option to generate unique key. Please provide'getOptionKey' prop to return a unique key for each option.\\\\nhttps://vue-select.org/api/props.html#getoptionkey&quot;,e,t)}}\\" taggable=\\"false\\" pushtags=\\"false\\" filterable=\\"true\\" filterby=\\"function(e,t,o){return(t||&quot;&quot;).toLocaleLowerCase().indexOf(o.toLocaleLowerCase())>-1}\\" filter=\\"function(e,t){var o=this;return e.filter((function(e){var n=o.getOptionLabel(e);return&quot;number&quot;==typeof n&amp;&amp;(n=n.toString()),o.filterBy(e,n,t)}))}\\" createoption=\\"function(e){return&quot;object&quot;===g()(this.optionList[0])?j()({},this.label,e):e}\\" resetonoptionschange=\\"false\\" clearsearchonblur=\\"function(e){var t=e.clearSearchOnSelect,o=e.multiple;return t&amp;&amp;!o}\\" nodrop=\\"false\\" dir=\\"auto\\" selectontab=\\"false\\" selectonkeycodes=\\"13\\" searchinputqueryselector=\\"[type=search]\\" mapkeydown=\\"function(e,t){return e}\\" appendtobody=\\"false\\" calculateposition=\\"function(e,t,o){var n=o.width,i=o.top,r=o.left;e.style.top=i,e.style.left=r,e.style.width=n}\\" dropdownshouldopen=\\"function(e){var t=e.noDrop,o=e.open,n=e.mutableLoading;return!t&amp;&amp;(o&amp;&amp;!n)}\\" uid=\\"1\\"></v-select-stub>
    <v-select-stub modelvalue=\\"Southbound\\" components=\\"[object Object]\\" options=\\"\\" disabled=\\"false\\" clearable=\\"true\\" deselectfromdropdown=\\"false\\" searchable=\\"true\\" multiple=\\"false\\" placeholder=\\"\\" transition=\\"vs__fade\\" clearsearchonselect=\\"true\\" closeonselect=\\"true\\" label=\\"label\\" autocomplete=\\"off\\" reduce=\\"function (item) {
      /* istanbul ignore next */
      cov_17qaly50fu().f[20]++;
      cov_17qaly50fu().s[44]++;
      return item.value;
    }\\" selectable=\\"function(e){return!0}\\" getoptionlabel=\\"function(e){return&quot;object&quot;===g()(e)?e.hasOwnProperty(this.label)?e[this.label]:console.warn('[vue-select warn]: Label key &quot;option.'.concat(this.label,'&quot; does not')+&quot; exist in options object &quot;.concat(JSON.stringify(e),&quot;.\\\\n&quot;)+&quot;https://vue-select.org/api/props.html#getoptionlabel&quot;):e}\\" getoptionkey=\\"function(e){if(&quot;object&quot;!==g()(e))return e;try{return e.hasOwnProperty(&quot;id&quot;)?e.id:T(e)}catch(t){return console.warn(&quot;[vue-select warn]: Could not stringify this option to generate unique key. Please provide'getOptionKey' prop to return a unique key for each option.\\\\nhttps://vue-select.org/api/props.html#getoptionkey&quot;,e,t)}}\\" taggable=\\"false\\" pushtags=\\"false\\" filterable=\\"true\\" filterby=\\"function(e,t,o){return(t||&quot;&quot;).toLocaleLowerCase().indexOf(o.toLocaleLowerCase())>-1}\\" filter=\\"function(e,t){var o=this;return e.filter((function(e){var n=o.getOptionLabel(e);return&quot;number&quot;==typeof n&amp;&amp;(n=n.toString()),o.filterBy(e,n,t)}))}\\" createoption=\\"function(e){return&quot;object&quot;===g()(this.optionList[0])?j()({},this.label,e):e}\\" resetonoptionschange=\\"false\\" clearsearchonblur=\\"function(e){var t=e.clearSearchOnSelect,o=e.multiple;return t&amp;&amp;!o}\\" nodrop=\\"false\\" dir=\\"auto\\" selectontab=\\"false\\" selectonkeycodes=\\"13\\" searchinputqueryselector=\\"[type=search]\\" mapkeydown=\\"function(e,t){return e}\\" appendtobody=\\"false\\" calculateposition=\\"function(e,t,o){var n=o.width,i=o.top,r=o.left;e.style.top=i,e.style.left=r,e.style.width=n}\\" dropdownshouldopen=\\"function(e){var t=e.noDrop,o=e.open,n=e.mutableLoading;return!t&amp;&amp;(o&amp;&amp;!n)}\\" uid=\\"2\\"></v-select-stub>
  </div>
  <div class=\\"card table-wrapper\\">
    <table>
      <thead>
        <tr>
          <th>No.</th>
          <th>Destination</th>
          <th>Direction</th>
          <th>Due in</th>
        </tr>
      </thead>
      <tbody>
        <tr>
          <td colspan=\\"4\\">
            <div class=\\"no-data\\">You haven't selected a station.</div>
          </td>
        </tr>
      </tbody>
    </table>
  </div>
  <div class=\\"card d-flex space-between\\">
    <div class=\\"small\\"> Last updated: <code>--s</code> ago. </div>
    <div class=\\"small\\"> Next update: in <code>--s</code>. </div>
  </div>
</div>"
`;
